nohup: ignoring input
Times: (1200,)
Current time-step for t is 1
Current time-step for t is 2
Current time-step for t is 3
Current time-step for t is 4
Current time-step for t is 5
Current time-step for t is 6
Current time-step for t is 7
Current time-step for t is 8
Current time-step for t is 9
Current time-step for t is 10
Current time-step for t is 11
Current time-step for t is 12
Current time-step for t is 13
Current time-step for t is 14
Current time-step for t is 15
Current time-step for t is 16
Current time-step for t is 17
Current time-step for t is 18
Current time-step for t is 19
Current time-step for t is 20
Current time-step for t is 21
Current time-step for t is 22
Current time-step for t is 23
Current time-step for t is 24
Current time-step for t is 25
Current time-step for t is 26
Current time-step for t is 27
Current time-step for t is 28
Current time-step for t is 29
Current time-step for t is 30
Current time-step for t is 31
Current time-step for t is 32
Current time-step for t is 33
Current time-step for t is 34
Current time-step for t is 35
Current time-step for t is 36
Current time-step for t is 37
Current time-step for t is 38
Current time-step for t is 39
Current time-step for t is 40
Current time-step for t is 41
Current time-step for t is 42
Current time-step for t is 43
Current time-step for t is 44
Current time-step for t is 45
Current time-step for t is 46
Current time-step for t is 47
Current time-step for t is 48
Current time-step for t is 49
Current time-step for t is 50
Current time-step for t is 51
Current time-step for t is 52
Current time-step for t is 53
Current time-step for t is 54
Current time-step for t is 55
Current time-step for t is 56
Current time-step for t is 57
Current time-step for t is 58
Current time-step for t is 59
Current time-step for t is 60
Current time-step for t is 61
Current time-step for t is 62
Current time-step for t is 63
Current time-step for t is 64
Current time-step for t is 65
Current time-step for t is 66
Current time-step for t is 67
Current time-step for t is 68
Current time-step for t is 69
Current time-step for t is 70
Current time-step for t is 71
Current time-step for t is 72
Current time-step for t is 73
Current time-step for t is 74
Current time-step for t is 75
Current time-step for t is 76
Current time-step for t is 77
Current time-step for t is 78
Current time-step for t is 79
Current time-step for t is 80
Current time-step for t is 81
Current time-step for t is 82
Current time-step for t is 83
Current time-step for t is 84
Current time-step for t is 85
Current time-step for t is 86
Current time-step for t is 87
Current time-step for t is 88
Current time-step for t is 89
Current time-step for t is 90
Current time-step for t is 91
Current time-step for t is 92
Current time-step for t is 93
Current time-step for t is 94
Current time-step for t is 95
Current time-step for t is 96
Current time-step for t is 97
Current time-step for t is 98
Current time-step for t is 99
Current time-step for t is 100
Current time-step for t is 101
Current time-step for t is 102
Current time-step for t is 103
Current time-step for t is 104
Current time-step for t is 105
Current time-step for t is 106
Current time-step for t is 107
Current time-step for t is 108
Current time-step for t is 109
Current time-step for t is 110
Current time-step for t is 111
Current time-step for t is 112
Current time-step for t is 113
Current time-step for t is 114
Current time-step for t is 115
Current time-step for t is 116
Current time-step for t is 117
Current time-step for t is 118
Current time-step for t is 119
Current time-step for t is 120
Current time-step for t is 121
Current time-step for t is 122
Current time-step for t is 123
Current time-step for t is 124
Current time-step for t is 125
Current time-step for t is 126
Current time-step for t is 127
Current time-step for t is 128
Current time-step for t is 129
Current time-step for t is 130
Current time-step for t is 131
Current time-step for t is 132
Current time-step for t is 133
Current time-step for t is 134
Current time-step for t is 135
Current time-step for t is 136
Current time-step for t is 137
Current time-step for t is 138
Current time-step for t is 139
Current time-step for t is 140
Current time-step for t is 141
Current time-step for t is 142
Current time-step for t is 143
Current time-step for t is 144
Current time-step for t is 145
Current time-step for t is 146
Current time-step for t is 147
Current time-step for t is 148
Current time-step for t is 149
Current time-step for t is 150
Current time-step for t is 151
Current time-step for t is 152
Current time-step for t is 153
Current time-step for t is 154
Current time-step for t is 155
Current time-step for t is 156
Current time-step for t is 157
Current time-step for t is 158
Current time-step for t is 159
Current time-step for t is 160
Current time-step for t is 161
Current time-step for t is 162
Current time-step for t is 163
Current time-step for t is 164
Current time-step for t is 165
Current time-step for t is 166
Current time-step for t is 167
Current time-step for t is 168
Current time-step for t is 169
Current time-step for t is 170
Current time-step for t is 171
Current time-step for t is 172
Current time-step for t is 173
Current time-step for t is 174
Current time-step for t is 175
Current time-step for t is 176
Current time-step for t is 177
Current time-step for t is 178
Current time-step for t is 179
Current time-step for t is 180
Current time-step for t is 181
Current time-step for t is 182
Current time-step for t is 183
Current time-step for t is 184
Current time-step for t is 185
Current time-step for t is 186
Current time-step for t is 187
Current time-step for t is 188
Current time-step for t is 189
Current time-step for t is 190
Current time-step for t is 191
Current time-step for t is 192
Current time-step for t is 193
Current time-step for t is 194
Current time-step for t is 195
Current time-step for t is 196
Current time-step for t is 197
Current time-step for t is 198
Current time-step for t is 199
Current time-step for t is 200
Current time-step for t is 201
Current time-step for t is 202
Current time-step for t is 203
Current time-step for t is 204
Current time-step for t is 205
Current time-step for t is 206
Current time-step for t is 207
Current time-step for t is 208
Current time-step for t is 209
Current time-step for t is 210
Current time-step for t is 211
Current time-step for t is 212
Current time-step for t is 213
Current time-step for t is 214
Current time-step for t is 215
Current time-step for t is 216
Current time-step for t is 217
Current time-step for t is 218
Current time-step for t is 219
Current time-step for t is 220
Current time-step for t is 221
Current time-step for t is 222
Current time-step for t is 223
Current time-step for t is 224
Current time-step for t is 225
Current time-step for t is 226
Current time-step for t is 227
Current time-step for t is 228
Current time-step for t is 229
Current time-step for t is 230
Current time-step for t is 231
Current time-step for t is 232
Current time-step for t is 233
Current time-step for t is 234
Current time-step for t is 235
Current time-step for t is 236
Current time-step for t is 237
Current time-step for t is 238
Current time-step for t is 239
Current time-step for t is 240
Current time-step for t is 241
Current time-step for t is 242
Current time-step for t is 243
Current time-step for t is 244
Current time-step for t is 245
Current time-step for t is 246
Current time-step for t is 247
Current time-step for t is 248
Current time-step for t is 249
Current time-step for t is 250
Current time-step for t is 251
Current time-step for t is 252
Current time-step for t is 253
Current time-step for t is 254
Current time-step for t is 255
Current time-step for t is 256
Current time-step for t is 257
Current time-step for t is 258
Current time-step for t is 259
Current time-step for t is 260
Current time-step for t is 261
Current time-step for t is 262
Current time-step for t is 263
Current time-step for t is 264
Current time-step for t is 265
Current time-step for t is 266
Current time-step for t is 267
Current time-step for t is 268
Current time-step for t is 269
Current time-step for t is 270
Current time-step for t is 271
Current time-step for t is 272
Current time-step for t is 273
Current time-step for t is 274
Current time-step for t is 275
Current time-step for t is 276
Current time-step for t is 277
Current time-step for t is 278
Current time-step for t is 279
Current time-step for t is 280
Current time-step for t is 281
Current time-step for t is 282
Current time-step for t is 283
Current time-step for t is 284
Current time-step for t is 285
Current time-step for t is 286
Current time-step for t is 287
Current time-step for t is 288
Current time-step for t is 289
Current time-step for t is 290
Current time-step for t is 291
Current time-step for t is 292
Current time-step for t is 293
Current time-step for t is 294
Current time-step for t is 295
Current time-step for t is 296
Current time-step for t is 297
Current time-step for t is 298
Current time-step for t is 299
Current time-step for t is 300
Current time-step for t is 301
Current time-step for t is 302
Current time-step for t is 303
Current time-step for t is 304
Current time-step for t is 305
Current time-step for t is 306
Current time-step for t is 307
Current time-step for t is 308
Current time-step for t is 309
Current time-step for t is 310
Current time-step for t is 311
Current time-step for t is 312
Current time-step for t is 313
Current time-step for t is 314
Current time-step for t is 315
Current time-step for t is 316
Current time-step for t is 317
Current time-step for t is 318
Current time-step for t is 319
Current time-step for t is 320
Current time-step for t is 321
Current time-step for t is 322
Current time-step for t is 323
Current time-step for t is 324
Current time-step for t is 325
Current time-step for t is 326
Current time-step for t is 327
Current time-step for t is 328
Current time-step for t is 329
Current time-step for t is 330
Current time-step for t is 331
Current time-step for t is 332
Current time-step for t is 333
Current time-step for t is 334
Current time-step for t is 335
Current time-step for t is 336
Current time-step for t is 337
Current time-step for t is 338
Current time-step for t is 339
Current time-step for t is 340
Current time-step for t is 341
Current time-step for t is 342
Current time-step for t is 343
Current time-step for t is 344
Current time-step for t is 345
Current time-step for t is 346
Current time-step for t is 347
Current time-step for t is 348
Current time-step for t is 349
Current time-step for t is 350
Current time-step for t is 351
Current time-step for t is 352
Current time-step for t is 353
Current time-step for t is 354
Current time-step for t is 355
Current time-step for t is 356
Current time-step for t is 357
Current time-step for t is 358
Current time-step for t is 359
Current time-step for t is 360
Current time-step for t is 361
Current time-step for t is 362
Current time-step for t is 363
Current time-step for t is 364
Current time-step for t is 365
Current time-step for t is 366
Current time-step for t is 367
Current time-step for t is 368
Current time-step for t is 369
Current time-step for t is 370
Current time-step for t is 371
Current time-step for t is 372
Current time-step for t is 373
Current time-step for t is 374
Current time-step for t is 375
Current time-step for t is 376
Current time-step for t is 377
Current time-step for t is 378
Current time-step for t is 379
Current time-step for t is 380
Current time-step for t is 381
Current time-step for t is 382
Current time-step for t is 383
Current time-step for t is 384
Current time-step for t is 385
Current time-step for t is 386
Current time-step for t is 387
Current time-step for t is 388
Current time-step for t is 389
Current time-step for t is 390
Current time-step for t is 391
Current time-step for t is 392
Current time-step for t is 393
Current time-step for t is 394
Current time-step for t is 395
Current time-step for t is 396
Current time-step for t is 397
Current time-step for t is 398
Current time-step for t is 399
Current time-step for t is 400
Current time-step for t is 401
Current time-step for t is 402
Current time-step for t is 403
Current time-step for t is 404
Current time-step for t is 405
Current time-step for t is 406
Current time-step for t is 407
Current time-step for t is 408
Current time-step for t is 409
Current time-step for t is 410
Current time-step for t is 411
Current time-step for t is 412
Current time-step for t is 413
Current time-step for t is 414
Current time-step for t is 415
Current time-step for t is 416
Current time-step for t is 417
Current time-step for t is 418
Current time-step for t is 419
Current time-step for t is 420
Current time-step for t is 421
Current time-step for t is 422
Current time-step for t is 423
Current time-step for t is 424
Current time-step for t is 425
Current time-step for t is 426
Current time-step for t is 427
Current time-step for t is 428
Current time-step for t is 429
Current time-step for t is 430
Current time-step for t is 431
Current time-step for t is 432
Current time-step for t is 433
Current time-step for t is 434
Current time-step for t is 435
Current time-step for t is 436
Current time-step for t is 437
Current time-step for t is 438
Current time-step for t is 439
Current time-step for t is 440
Current time-step for t is 441
Current time-step for t is 442
Current time-step for t is 443
Current time-step for t is 444
Current time-step for t is 445
Current time-step for t is 446
Current time-step for t is 447
Current time-step for t is 448
Current time-step for t is 449
Current time-step for t is 450
Current time-step for t is 451
Current time-step for t is 452
Current time-step for t is 453
Current time-step for t is 454
Current time-step for t is 455
Current time-step for t is 456
Current time-step for t is 457
Current time-step for t is 458
Current time-step for t is 459
Current time-step for t is 460
Current time-step for t is 461
Current time-step for t is 462
Current time-step for t is 463
Current time-step for t is 464
Current time-step for t is 465
Current time-step for t is 466
Current time-step for t is 467
Current time-step for t is 468
Current time-step for t is 469
Current time-step for t is 470
Current time-step for t is 471
Current time-step for t is 472
Current time-step for t is 473
Current time-step for t is 474
Current time-step for t is 475
Current time-step for t is 476
Current time-step for t is 477
Current time-step for t is 478
Current time-step for t is 479
Current time-step for t is 480
Current time-step for t is 481
Current time-step for t is 482
Current time-step for t is 483
Current time-step for t is 484
Current time-step for t is 485
Current time-step for t is 486
Current time-step for t is 487
Current time-step for t is 488
Current time-step for t is 489
Current time-step for t is 490
Current time-step for t is 491
Current time-step for t is 492
Current time-step for t is 493
Current time-step for t is 494
Current time-step for t is 495
Current time-step for t is 496
Current time-step for t is 497
Current time-step for t is 498
Current time-step for t is 499
Current time-step for t is 500
Current time-step for t is 501
Current time-step for t is 502
Current time-step for t is 503
Current time-step for t is 504
Current time-step for t is 505
Current time-step for t is 506
Current time-step for t is 507
Current time-step for t is 508
Current time-step for t is 509
Current time-step for t is 510
Current time-step for t is 511
Current time-step for t is 512
Current time-step for t is 513
Current time-step for t is 514
Current time-step for t is 515
Current time-step for t is 516
Current time-step for t is 517
Current time-step for t is 518
Current time-step for t is 519
Current time-step for t is 520
Current time-step for t is 521
Current time-step for t is 522
Current time-step for t is 523
Current time-step for t is 524
Current time-step for t is 525
Current time-step for t is 526
Current time-step for t is 527
Current time-step for t is 528
Current time-step for t is 529
Current time-step for t is 530
Current time-step for t is 531
Current time-step for t is 532
Current time-step for t is 533
Current time-step for t is 534
Current time-step for t is 535
Current time-step for t is 536
Current time-step for t is 537
Current time-step for t is 538
Current time-step for t is 539
Current time-step for t is 540
Current time-step for t is 541
Current time-step for t is 542
Current time-step for t is 543
Current time-step for t is 544
Current time-step for t is 545
Current time-step for t is 546
Current time-step for t is 547
Current time-step for t is 548
Current time-step for t is 549
Current time-step for t is 550
Current time-step for t is 551
Current time-step for t is 552
Current time-step for t is 553
Current time-step for t is 554
Current time-step for t is 555
Current time-step for t is 556
Current time-step for t is 557
Current time-step for t is 558
Current time-step for t is 559
Current time-step for t is 560
Current time-step for t is 561
Current time-step for t is 562
Current time-step for t is 563
Current time-step for t is 564
Current time-step for t is 565
Current time-step for t is 566
Current time-step for t is 567
Current time-step for t is 568
Current time-step for t is 569
Current time-step for t is 570
Current time-step for t is 571
Current time-step for t is 572
Current time-step for t is 573
Current time-step for t is 574
Current time-step for t is 575
Current time-step for t is 576
Current time-step for t is 577
Current time-step for t is 578
Current time-step for t is 579
Current time-step for t is 580
Current time-step for t is 581
Current time-step for t is 582
Current time-step for t is 583
Current time-step for t is 584
Current time-step for t is 585
Current time-step for t is 586
Current time-step for t is 587
Current time-step for t is 588
Current time-step for t is 589
Current time-step for t is 590
Current time-step for t is 591
Current time-step for t is 592
Current time-step for t is 593
Current time-step for t is 594
Current time-step for t is 595
Current time-step for t is 596
Current time-step for t is 597
Current time-step for t is 598
Current time-step for t is 599
Current time-step for t is 600
Current time-step for t is 601
Current time-step for t is 602
Current time-step for t is 603
Current time-step for t is 604
Current time-step for t is 605
Current time-step for t is 606
Current time-step for t is 607
Current time-step for t is 608
Current time-step for t is 609
Current time-step for t is 610
Current time-step for t is 611
Current time-step for t is 612
Current time-step for t is 613
Current time-step for t is 614
Current time-step for t is 615
Current time-step for t is 616
Current time-step for t is 617
Current time-step for t is 618
Current time-step for t is 619
Current time-step for t is 620
Current time-step for t is 621
Current time-step for t is 622
Current time-step for t is 623
Current time-step for t is 624
Current time-step for t is 625
Current time-step for t is 626
Current time-step for t is 627
Current time-step for t is 628
Current time-step for t is 629
Current time-step for t is 630
Current time-step for t is 631
Current time-step for t is 632
Current time-step for t is 633
Current time-step for t is 634
Current time-step for t is 635
Current time-step for t is 636
Current time-step for t is 637
Current time-step for t is 638
Current time-step for t is 639
Current time-step for t is 640
Current time-step for t is 641
Current time-step for t is 642
Current time-step for t is 643
Current time-step for t is 644
Current time-step for t is 645
Current time-step for t is 646
Current time-step for t is 647
Current time-step for t is 648
Current time-step for t is 649
Current time-step for t is 650
Current time-step for t is 651
Current time-step for t is 652
Current time-step for t is 653
Current time-step for t is 654
Current time-step for t is 655
Current time-step for t is 656
Current time-step for t is 657
Current time-step for t is 658
Current time-step for t is 659
Current time-step for t is 660
Current time-step for t is 661
Current time-step for t is 662
Current time-step for t is 663
Current time-step for t is 664
Current time-step for t is 665
Current time-step for t is 666
Current time-step for t is 667
Current time-step for t is 668
Current time-step for t is 669
Current time-step for t is 670
Current time-step for t is 671
Current time-step for t is 672
Current time-step for t is 673
Current time-step for t is 674
Current time-step for t is 675
Current time-step for t is 676
Current time-step for t is 677
Current time-step for t is 678
Current time-step for t is 679
Current time-step for t is 680
Current time-step for t is 681
Current time-step for t is 682
Current time-step for t is 683
Current time-step for t is 684
Current time-step for t is 685
Current time-step for t is 686
Current time-step for t is 687
Current time-step for t is 688
Current time-step for t is 689
Current time-step for t is 690
Current time-step for t is 691
Current time-step for t is 692
Current time-step for t is 693
Current time-step for t is 694
Current time-step for t is 695
Current time-step for t is 696
Current time-step for t is 697
Current time-step for t is 698
Current time-step for t is 699
Current time-step for t is 700
Current time-step for t is 701
Current time-step for t is 702
Current time-step for t is 703
Current time-step for t is 704
Current time-step for t is 705
Current time-step for t is 706
Current time-step for t is 707
Current time-step for t is 708
Current time-step for t is 709
Current time-step for t is 710
Current time-step for t is 711
Current time-step for t is 712
Current time-step for t is 713
Current time-step for t is 714
Current time-step for t is 715
Current time-step for t is 716
Current time-step for t is 717
Current time-step for t is 718
Current time-step for t is 719
Current time-step for t is 720
Current time-step for t is 721
Current time-step for t is 722
Current time-step for t is 723
Current time-step for t is 724
Current time-step for t is 725
Current time-step for t is 726
Current time-step for t is 727
Current time-step for t is 728
Current time-step for t is 729
Current time-step for t is 730
Current time-step for t is 731
Current time-step for t is 732
Current time-step for t is 733
Current time-step for t is 734
Current time-step for t is 735
Current time-step for t is 736
Current time-step for t is 737
Current time-step for t is 738
Current time-step for t is 739
Current time-step for t is 740
Current time-step for t is 741
Current time-step for t is 742
Current time-step for t is 743
Current time-step for t is 744
Current time-step for t is 745
Current time-step for t is 746
Current time-step for t is 747
Current time-step for t is 748
Current time-step for t is 749
Current time-step for t is 750
Current time-step for t is 751
Current time-step for t is 752
Current time-step for t is 753
Current time-step for t is 754
Current time-step for t is 755
Current time-step for t is 756
Current time-step for t is 757
Current time-step for t is 758
Current time-step for t is 759
Current time-step for t is 760
Current time-step for t is 761
Current time-step for t is 762
Current time-step for t is 763
Current time-step for t is 764
Current time-step for t is 765
Current time-step for t is 766
Current time-step for t is 767
Current time-step for t is 768
Current time-step for t is 769
Current time-step for t is 770
Current time-step for t is 771
Current time-step for t is 772
Current time-step for t is 773
Current time-step for t is 774
Current time-step for t is 775
Current time-step for t is 776
Current time-step for t is 777
Current time-step for t is 778
Current time-step for t is 779
Current time-step for t is 780
Current time-step for t is 781
Current time-step for t is 782
Current time-step for t is 783
Current time-step for t is 784
Current time-step for t is 785
Current time-step for t is 786
Current time-step for t is 787
Current time-step for t is 788
Current time-step for t is 789
Current time-step for t is 790
Current time-step for t is 791
Current time-step for t is 792
Current time-step for t is 793
Current time-step for t is 794
Current time-step for t is 795
Current time-step for t is 796
Current time-step for t is 797
Current time-step for t is 798
Current time-step for t is 799
Current time-step for t is 800
Current time-step for t is 801
Current time-step for t is 802
Current time-step for t is 803
Current time-step for t is 804
Current time-step for t is 805
Current time-step for t is 806
Current time-step for t is 807
Current time-step for t is 808
Current time-step for t is 809
Current time-step for t is 810
Current time-step for t is 811
Current time-step for t is 812
Current time-step for t is 813
Current time-step for t is 814
Current time-step for t is 815
Current time-step for t is 816
Current time-step for t is 817
Current time-step for t is 818
Current time-step for t is 819
Current time-step for t is 820
Current time-step for t is 821
Current time-step for t is 822
Current time-step for t is 823
Current time-step for t is 824
Current time-step for t is 825
Current time-step for t is 826
Current time-step for t is 827
Current time-step for t is 828
Current time-step for t is 829
Current time-step for t is 830
Current time-step for t is 831
Current time-step for t is 832
Current time-step for t is 833
Current time-step for t is 834
Current time-step for t is 835
Current time-step for t is 836
Current time-step for t is 837
Current time-step for t is 838
Current time-step for t is 839
Current time-step for t is 840
Current time-step for t is 841
Current time-step for t is 842
Current time-step for t is 843
Current time-step for t is 844
Current time-step for t is 845
Current time-step for t is 846
Current time-step for t is 847
Current time-step for t is 848
Current time-step for t is 849
Current time-step for t is 850
Current time-step for t is 851
Current time-step for t is 852
Current time-step for t is 853
Current time-step for t is 854
Current time-step for t is 855
Current time-step for t is 856
Current time-step for t is 857
Current time-step for t is 858
Current time-step for t is 859
Current time-step for t is 860
Current time-step for t is 861
Current time-step for t is 862
Current time-step for t is 863
Current time-step for t is 864
Current time-step for t is 865
Current time-step for t is 866
Current time-step for t is 867
Current time-step for t is 868
Current time-step for t is 869
Current time-step for t is 870
Current time-step for t is 871
Current time-step for t is 872
Current time-step for t is 873
Current time-step for t is 874
Current time-step for t is 875
Current time-step for t is 876
Current time-step for t is 877
Current time-step for t is 878
Current time-step for t is 879
Current time-step for t is 880
Current time-step for t is 881
Current time-step for t is 882
Current time-step for t is 883
Current time-step for t is 884
Current time-step for t is 885
Current time-step for t is 886
Current time-step for t is 887
Current time-step for t is 888
Current time-step for t is 889
Current time-step for t is 890
Current time-step for t is 891
Current time-step for t is 892
Current time-step for t is 893
Current time-step for t is 894
Current time-step for t is 895
Current time-step for t is 896
Current time-step for t is 897
Current time-step for t is 898
Current time-step for t is 899
Current time-step for t is 900
Current time-step for t is 901
Current time-step for t is 902
Current time-step for t is 903
Current time-step for t is 904
Current time-step for t is 905
Current time-step for t is 906
Current time-step for t is 907
Current time-step for t is 908
Current time-step for t is 909
Current time-step for t is 910
Current time-step for t is 911
Current time-step for t is 912
Current time-step for t is 913
Current time-step for t is 914
Current time-step for t is 915
Current time-step for t is 916
Current time-step for t is 917
Current time-step for t is 918
Current time-step for t is 919
Current time-step for t is 920
Current time-step for t is 921
Current time-step for t is 922
Current time-step for t is 923
Current time-step for t is 924
Current time-step for t is 925
Current time-step for t is 926
Current time-step for t is 927
Current time-step for t is 928
Current time-step for t is 929
Current time-step for t is 930
Current time-step for t is 931
Current time-step for t is 932
Current time-step for t is 933
Current time-step for t is 934
Current time-step for t is 935
Current time-step for t is 936
Current time-step for t is 937
Current time-step for t is 938
Current time-step for t is 939
Current time-step for t is 940
Current time-step for t is 941
Current time-step for t is 942
Current time-step for t is 943
Current time-step for t is 944
Current time-step for t is 945
Current time-step for t is 946
Current time-step for t is 947
Current time-step for t is 948
Current time-step for t is 949
Current time-step for t is 950
Current time-step for t is 951
Current time-step for t is 952
Current time-step for t is 953
Current time-step for t is 954
Current time-step for t is 955
Current time-step for t is 956
Current time-step for t is 957
Current time-step for t is 958
Current time-step for t is 959
Current time-step for t is 960
Current time-step for t is 961
Current time-step for t is 962
Current time-step for t is 963
Current time-step for t is 964
Current time-step for t is 965
Current time-step for t is 966
Current time-step for t is 967
Current time-step for t is 968
Current time-step for t is 969
Current time-step for t is 970
Current time-step for t is 971
Current time-step for t is 972
Current time-step for t is 973
Current time-step for t is 974
Current time-step for t is 975
Current time-step for t is 976
Current time-step for t is 977
Current time-step for t is 978
Current time-step for t is 979
Current time-step for t is 980
Current time-step for t is 981
Current time-step for t is 982
Current time-step for t is 983
Current time-step for t is 984
Current time-step for t is 985
Current time-step for t is 986
Current time-step for t is 987
Current time-step for t is 988
Current time-step for t is 989
Current time-step for t is 990
Current time-step for t is 991
Current time-step for t is 992
Current time-step for t is 993
Current time-step for t is 994
Current time-step for t is 995
Current time-step for t is 996
Current time-step for t is 997
Current time-step for t is 998
Current time-step for t is 999
Current time-step for t is 1000
Current time-step for t is 1001
Current time-step for t is 1002
Current time-step for t is 1003
Current time-step for t is 1004
Current time-step for t is 1005
Current time-step for t is 1006
Current time-step for t is 1007
Current time-step for t is 1008
Current time-step for t is 1009
Current time-step for t is 1010
Current time-step for t is 1011
Current time-step for t is 1012
Current time-step for t is 1013
Current time-step for t is 1014
Current time-step for t is 1015
Current time-step for t is 1016
Current time-step for t is 1017
Current time-step for t is 1018
Current time-step for t is 1019
Current time-step for t is 1020
Current time-step for t is 1021
Current time-step for t is 1022
Current time-step for t is 1023
Current time-step for t is 1024
Current time-step for t is 1025
Current time-step for t is 1026
Current time-step for t is 1027
Current time-step for t is 1028
Current time-step for t is 1029
Current time-step for t is 1030
Current time-step for t is 1031
Current time-step for t is 1032
Current time-step for t is 1033
Current time-step for t is 1034
Current time-step for t is 1035
Current time-step for t is 1036
Current time-step for t is 1037
Current time-step for t is 1038
Current time-step for t is 1039
Current time-step for t is 1040
Current time-step for t is 1041
Current time-step for t is 1042
Current time-step for t is 1043
Current time-step for t is 1044
Current time-step for t is 1045
Current time-step for t is 1046
Current time-step for t is 1047
Current time-step for t is 1048
Current time-step for t is 1049
Current time-step for t is 1050
Current time-step for t is 1051
Current time-step for t is 1052
Current time-step for t is 1053
Current time-step for t is 1054
Current time-step for t is 1055
Current time-step for t is 1056
Current time-step for t is 1057
Current time-step for t is 1058
Current time-step for t is 1059
Current time-step for t is 1060
Current time-step for t is 1061
Current time-step for t is 1062
Current time-step for t is 1063
Current time-step for t is 1064
Current time-step for t is 1065
Current time-step for t is 1066
Current time-step for t is 1067
Current time-step for t is 1068
Current time-step for t is 1069
Current time-step for t is 1070
Current time-step for t is 1071
Current time-step for t is 1072
Current time-step for t is 1073
Current time-step for t is 1074
Current time-step for t is 1075
Current time-step for t is 1076
Current time-step for t is 1077
Current time-step for t is 1078
Current time-step for t is 1079
Current time-step for t is 1080
Current time-step for t is 1081
Current time-step for t is 1082
Current time-step for t is 1083
Current time-step for t is 1084
Current time-step for t is 1085
Current time-step for t is 1086
Current time-step for t is 1087
Current time-step for t is 1088
Current time-step for t is 1089
Current time-step for t is 1090
Current time-step for t is 1091
Current time-step for t is 1092
Current time-step for t is 1093
Current time-step for t is 1094
Current time-step for t is 1095
Current time-step for t is 1096
Current time-step for t is 1097
Current time-step for t is 1098
Current time-step for t is 1099
Current time-step for t is 1100
Current time-step for t is 1101
Current time-step for t is 1102
Current time-step for t is 1103
Current time-step for t is 1104
Current time-step for t is 1105
Current time-step for t is 1106
Current time-step for t is 1107
Current time-step for t is 1108
Current time-step for t is 1109
Current time-step for t is 1110
Current time-step for t is 1111
Current time-step for t is 1112
Current time-step for t is 1113
Current time-step for t is 1114
Current time-step for t is 1115
Current time-step for t is 1116
Current time-step for t is 1117
Current time-step for t is 1118
Current time-step for t is 1119
Current time-step for t is 1120
Current time-step for t is 1121
Current time-step for t is 1122
Current time-step for t is 1123
Current time-step for t is 1124
Current time-step for t is 1125
Current time-step for t is 1126
Current time-step for t is 1127
Current time-step for t is 1128
Current time-step for t is 1129
Current time-step for t is 1130
Current time-step for t is 1131
Current time-step for t is 1132
Current time-step for t is 1133
Current time-step for t is 1134
Current time-step for t is 1135
Current time-step for t is 1136
Current time-step for t is 1137
Current time-step for t is 1138
Current time-step for t is 1139
Current time-step for t is 1140
Current time-step for t is 1141
Current time-step for t is 1142
Current time-step for t is 1143
Current time-step for t is 1144
Current time-step for t is 1145
Current time-step for t is 1146
Current time-step for t is 1147
Current time-step for t is 1148
Current time-step for t is 1149
Current time-step for t is 1150
Current time-step for t is 1151
Current time-step for t is 1152
Current time-step for t is 1153
Current time-step for t is 1154
Current time-step for t is 1155
Current time-step for t is 1156
Current time-step for t is 1157
Current time-step for t is 1158
Current time-step for t is 1159
Current time-step for t is 1160
Current time-step for t is 1161
Current time-step for t is 1162
Current time-step for t is 1163
Current time-step for t is 1164
Current time-step for t is 1165
Current time-step for t is 1166
Current time-step for t is 1167
Current time-step for t is 1168
Current time-step for t is 1169
Current time-step for t is 1170
Current time-step for t is 1171
Current time-step for t is 1172
Current time-step for t is 1173
Current time-step for t is 1174
Current time-step for t is 1175
Current time-step for t is 1176
Current time-step for t is 1177
Current time-step for t is 1178
Current time-step for t is 1179
Current time-step for t is 1180
Current time-step for t is 1181
Current time-step for t is 1182
Current time-step for t is 1183
Current time-step for t is 1184
Current time-step for t is 1185
Current time-step for t is 1186
Current time-step for t is 1187
Current time-step for t is 1188
Current time-step for t is 1189
Current time-step for t is 1190
Current time-step for t is 1191
Current time-step for t is 1192
Current time-step for t is 1193
Current time-step for t is 1194
Current time-step for t is 1195
Current time-step for t is 1196
Current time-step for t is 1197
Current time-step for t is 1198
Current time-step for t is 1199
Current time-step for t is 1200
13913.334646 seconds (110.30 G allocations: 4.623 TiB, 6.38% gc time, 0.07% compilation time)
Saved results to density_spin_120.txt
Saved results to occupation_vs_time_120.txt
